// Jest Snapshot v1, https://goo.gl/fbAQLP

exports[`Histopathology landing page renders correctly 1`] = `
[
  <div
    className="banner"
  >
    <div
      className="pb-4 pt-5 container container"
    >
      <div
        className="col-12 col-md-8 ps-4 pe-4"
      >
        <div
          className="tabs"
        >
          <a
            className="tab"
            href="/search"
            onClick={[Function]}
            onMouseEnter={[Function]}
            onTouchStart={[Function]}
          >
            Genes
          </a>
          <a
            className="tab"
            href="/search?type=phenotype"
            onClick={[Function]}
            onMouseEnter={[Function]}
            onTouchStart={[Function]}
          >
            Phenotypes
          </a>
          <a
            className="tab"
            href="https://dev.mousephenotype.org/?s="
          >
            Help, news, blog
          </a>
        </div>
        <div
          className="inputCont"
        >
          <input
            className="input"
            onChange={[Function]}
            onKeyDown={[Function]}
            placeholder="Search All 7824 Knockout Data..."
            type="text"
            value=""
          />
          <button
            className="searchBtn"
            onClick={[Function]}
          >
            <svg
              aria-hidden="true"
              className="svg-inline--fa fa-magnifying-glass "
              data-icon="magnifying-glass"
              data-prefix="fas"
              focusable="false"
              role="img"
              style={{}}
              viewBox="0 0 512 512"
              xmlns="http://www.w3.org/2000/svg"
            >
              <path
                d="M416 208c0 45.9-14.9 88.3-40 122.7L502.6 457.4c12.5 12.5 12.5 32.8 0 45.3s-32.8 12.5-45.3 0L330.7 376c-34.4 25.2-76.8 40-122.7 40C93.1 416 0 322.9 0 208S93.1 0 208 0S416 93.1 416 208zM208 352a144 144 0 1 0 0-288 144 144 0 1 0 0 288z"
                fill="currentColor"
                style={{}}
              />
            </svg>
          </button>
        </div>
      </div>
    </div>
  </div>,
  <div
    className="page container"
    style={
      {
        "lineHeight": 2,
      }
    }
  >
    <div
      className="card"
    >
      <div
        className="subheading"
      >
        <nav
          aria-label="breadcrumb"
        >
          <ol
            className="breadcrumb"
          >
            <li
              aria-current="page"
              className="breadcrumb-item active"
            >
              Home
            </li>
            <li
              aria-current="page"
              className="breadcrumb-item active"
            >
              IMPC data collections
            </li>
            <li
              aria-current="page"
              className="breadcrumb-item active"
            >
              Histopathology Data
            </li>
          </ol>
        </nav>
      </div>
      <h1
        className="mb-4 mt-2"
      >
        <strong>
          Histopathology Data
        </strong>
      </h1>
      <div
        className="container"
      >
        <div
          className="card"
          style={
            {
              "backgroundColor": "whitesmoke",
            }
          }
        >
          <div
            className="card-header"
            style={
              {
                "backgroundColor": "whitesmoke",
              }
            }
          >
            Histopathology for every gene tested
          </div>
          <div
            className="card-body"
          >
            <p
              className="my-0"
            >
              <b>
                Significance Score:
              </b>
            </p>
            <div>
              <div
                className="mr-3"
                title="No Data"
              >
                <i
                  className="fa fa-circle"
                  style={
                    {
                      "color": "#FFF",
                    }
                  }
                />
                  No Data
              </div>
              <div
                className="mr-3"
                style={
                  {
                    "color": "#808080",
                  }
                }
                title="Not Applicable"
              >
                <i
                  className="fa fa-circle"
                />
                  Not Applicable
              </div>
              <div
                className="mr-3"
                style={
                  {
                    "color": "#17a2b8",
                  }
                }
                title="Not Significant"
              >
                <i
                  className="fa fa-circle"
                />
                  
                <b>
                  Not Significant
                </b>
                  (histopathology finding that is interpreted by the histopathologist to be within normal limits of background strain-related findings or an incidental finding not related to genotype)
              </div>
              <div
                className="mr-3"
                style={
                  {
                    "color": "#ce6211",
                  }
                }
                title="Significant"
              >
                <i
                  className="fa fa-circle"
                />
                  
                <b>
                  Significant
                </b>
                  (histopathology finding that is interpreted by the histopathologist to not be a background strain-related finding or an incidental finding)
              </div>
            </div>
          </div>
        </div>
      </div>
      <div
        className="topControls"
      >
        <div>
          Gene search:
          <input
            className="form-control"
            onChange={[Function]}
            type="text"
            value=""
          />
        </div>
        <div>
          Show
          <select
            className="form-select"
            name="pageSize"
            onChange={[Function]}
            value={25}
          >
            <option
              value={10}
            >
              10
            </option>
            <option
              value={25}
            >
              25
            </option>
            <option
              value={50}
            >
              50
            </option>
            <option
              value={100}
            >
              100
            </option>
          </select>
          entries
        </div>
      </div>
      <div
        className="tableWrapper"
      >
        <table
          className="table table-striped table-bordered heatMap"
        >
          <thead>
            <tr>
              <th
                onClick={[Function]}
              >
                <div
                  className="header"
                >
                  Gene
                </div>
                <svg
                  aria-hidden="true"
                  className="svg-inline--fa fa-sort "
                  data-icon="sort"
                  data-prefix="fas"
                  focusable="false"
                  role="img"
                  style={{}}
                  viewBox="0 0 320 512"
                  xmlns="http://www.w3.org/2000/svg"
                >
                  <path
                    d="M137.4 41.4c12.5-12.5 32.8-12.5 45.3 0l128 128c9.2 9.2 11.9 22.9 6.9 34.9s-16.6 19.8-29.6 19.8H32c-12.9 0-24.6-7.8-29.6-19.8s-2.2-25.7 6.9-34.9l128-128zm0 429.3l-128-128c-9.2-9.2-11.9-22.9-6.9-34.9s16.6-19.8 29.6-19.8H288c12.9 0 24.6 7.8 29.6 19.8s2.2 25.7-6.9 34.9l-128 128c-12.5 12.5-32.8 12.5-45.3 0z"
                    fill="currentColor"
                    style={{}}
                  />
                </svg>
              </th>
              <th
                onClick={[Function]}
              >
                Fixed tissue available
                <svg
                  aria-hidden="true"
                  className="svg-inline--fa fa-sort "
                  data-icon="sort"
                  data-prefix="fas"
                  focusable="false"
                  role="img"
                  style={{}}
                  viewBox="0 0 320 512"
                  xmlns="http://www.w3.org/2000/svg"
                >
                  <path
                    d="M137.4 41.4c12.5-12.5 32.8-12.5 45.3 0l128 128c9.2 9.2 11.9 22.9 6.9 34.9s-16.6 19.8-29.6 19.8H32c-12.9 0-24.6-7.8-29.6-19.8s-2.2-25.7 6.9-34.9l128-128zm0 429.3l-128-128c-9.2-9.2-11.9-22.9-6.9-34.9s16.6-19.8 29.6-19.8H288c12.9 0 24.6 7.8 29.6 19.8s2.2 25.7-6.9 34.9l-128 128c-12.5 12.5-32.8 12.5-45.3 0z"
                    fill="currentColor"
                    style={{}}
                  />
                </svg>
              </th>
              <th
                onClick={[Function]}
              >
                <div
                  className="header"
                >
                  Adrenal gland
                </div>
                <svg
                  aria-hidden="true"
                  className="svg-inline--fa fa-sort "
                  data-icon="sort"
                  data-prefix="fas"
                  focusable="false"
                  role="img"
                  style={{}}
                  viewBox="0 0 320 512"
                  xmlns="http://www.w3.org/2000/svg"
                >
                  <path
                    d="M137.4 41.4c12.5-12.5 32.8-12.5 45.3 0l128 128c9.2 9.2 11.9 22.9 6.9 34.9s-16.6 19.8-29.6 19.8H32c-12.9 0-24.6-7.8-29.6-19.8s-2.2-25.7 6.9-34.9l128-128zm0 429.3l-128-128c-9.2-9.2-11.9-22.9-6.9-34.9s16.6-19.8 29.6-19.8H288c12.9 0 24.6 7.8 29.6 19.8s2.2 25.7-6.9 34.9l-128 128c-12.5 12.5-32.8 12.5-45.3 0z"
                    fill="currentColor"
                    style={{}}
                  />
                </svg>
              </th>
              <th
                onClick={[Function]}
              >
                <div
                  className="header"
                >
                  Bone
                </div>
                <svg
                  aria-hidden="true"
                  className="svg-inline--fa fa-sort "
                  data-icon="sort"
                  data-prefix="fas"
                  focusable="false"
                  role="img"
                  style={{}}
                  viewBox="0 0 320 512"
                  xmlns="http://www.w3.org/2000/svg"
                >
                  <path
                    d="M137.4 41.4c12.5-12.5 32.8-12.5 45.3 0l128 128c9.2 9.2 11.9 22.9 6.9 34.9s-16.6 19.8-29.6 19.8H32c-12.9 0-24.6-7.8-29.6-19.8s-2.2-25.7 6.9-34.9l128-128zm0 429.3l-128-128c-9.2-9.2-11.9-22.9-6.9-34.9s16.6-19.8 29.6-19.8H288c12.9 0 24.6 7.8 29.6 19.8s2.2 25.7-6.9 34.9l-128 128c-12.5 12.5-32.8 12.5-45.3 0z"
                    fill="currentColor"
                    style={{}}
                  />
                </svg>
              </th>
              <th
                onClick={[Function]}
              >
                <div
                  className="header"
                >
                  Bone marrow
                </div>
                <svg
                  aria-hidden="true"
                  className="svg-inline--fa fa-sort "
                  data-icon="sort"
                  data-prefix="fas"
                  focusable="false"
                  role="img"
                  style={{}}
                  viewBox="0 0 320 512"
                  xmlns="http://www.w3.org/2000/svg"
                >
                  <path
                    d="M137.4 41.4c12.5-12.5 32.8-12.5 45.3 0l128 128c9.2 9.2 11.9 22.9 6.9 34.9s-16.6 19.8-29.6 19.8H32c-12.9 0-24.6-7.8-29.6-19.8s-2.2-25.7 6.9-34.9l128-128zm0 429.3l-128-128c-9.2-9.2-11.9-22.9-6.9-34.9s16.6-19.8 29.6-19.8H288c12.9 0 24.6 7.8 29.6 19.8s2.2 25.7-6.9 34.9l-128 128c-12.5 12.5-32.8 12.5-45.3 0z"
                    fill="currentColor"
                    style={{}}
                  />
                </svg>
              </th>
              <th
                onClick={[Function]}
              >
                <div
                  className="header"
                >
                  Brain
                </div>
                <svg
                  aria-hidden="true"
                  className="svg-inline--fa fa-sort "
                  data-icon="sort"
                  data-prefix="fas"
                  focusable="false"
                  role="img"
                  style={{}}
                  viewBox="0 0 320 512"
                  xmlns="http://www.w3.org/2000/svg"
                >
                  <path
                    d="M137.4 41.4c12.5-12.5 32.8-12.5 45.3 0l128 128c9.2 9.2 11.9 22.9 6.9 34.9s-16.6 19.8-29.6 19.8H32c-12.9 0-24.6-7.8-29.6-19.8s-2.2-25.7 6.9-34.9l128-128zm0 429.3l-128-128c-9.2-9.2-11.9-22.9-6.9-34.9s16.6-19.8 29.6-19.8H288c12.9 0 24.6 7.8 29.6 19.8s2.2 25.7-6.9 34.9l-128 128c-12.5 12.5-32.8 12.5-45.3 0z"
                    fill="currentColor"
                    style={{}}
                  />
                </svg>
              </th>
              <th
                onClick={[Function]}
              >
                <div
                  className="header"
                >
                  Brown adipose tissue
                </div>
                <svg
                  aria-hidden="true"
                  className="svg-inline--fa fa-sort "
                  data-icon="sort"
                  data-prefix="fas"
                  focusable="false"
                  role="img"
                  style={{}}
                  viewBox="0 0 320 512"
                  xmlns="http://www.w3.org/2000/svg"
                >
                  <path
                    d="M137.4 41.4c12.5-12.5 32.8-12.5 45.3 0l128 128c9.2 9.2 11.9 22.9 6.9 34.9s-16.6 19.8-29.6 19.8H32c-12.9 0-24.6-7.8-29.6-19.8s-2.2-25.7 6.9-34.9l128-128zm0 429.3l-128-128c-9.2-9.2-11.9-22.9-6.9-34.9s16.6-19.8 29.6-19.8H288c12.9 0 24.6 7.8 29.6 19.8s2.2 25.7-6.9 34.9l-128 128c-12.5 12.5-32.8 12.5-45.3 0z"
                    fill="currentColor"
                    style={{}}
                  />
                </svg>
              </th>
              <th
                onClick={[Function]}
              >
                <div
                  className="header"
                >
                  Ear
                </div>
                <svg
                  aria-hidden="true"
                  className="svg-inline--fa fa-sort "
                  data-icon="sort"
                  data-prefix="fas"
                  focusable="false"
                  role="img"
                  style={{}}
                  viewBox="0 0 320 512"
                  xmlns="http://www.w3.org/2000/svg"
                >
                  <path
                    d="M137.4 41.4c12.5-12.5 32.8-12.5 45.3 0l128 128c9.2 9.2 11.9 22.9 6.9 34.9s-16.6 19.8-29.6 19.8H32c-12.9 0-24.6-7.8-29.6-19.8s-2.2-25.7 6.9-34.9l128-128zm0 429.3l-128-128c-9.2-9.2-11.9-22.9-6.9-34.9s16.6-19.8 29.6-19.8H288c12.9 0 24.6 7.8 29.6 19.8s2.2 25.7-6.9 34.9l-128 128c-12.5 12.5-32.8 12.5-45.3 0z"
                    fill="currentColor"
                    style={{}}
                  />
                </svg>
              </th>
              <th
                onClick={[Function]}
              >
                <div
                  className="header"
                >
                  Epididymis
                </div>
                <svg
                  aria-hidden="true"
                  className="svg-inline--fa fa-sort "
                  data-icon="sort"
                  data-prefix="fas"
                  focusable="false"
                  role="img"
                  style={{}}
                  viewBox="0 0 320 512"
                  xmlns="http://www.w3.org/2000/svg"
                >
                  <path
                    d="M137.4 41.4c12.5-12.5 32.8-12.5 45.3 0l128 128c9.2 9.2 11.9 22.9 6.9 34.9s-16.6 19.8-29.6 19.8H32c-12.9 0-24.6-7.8-29.6-19.8s-2.2-25.7 6.9-34.9l128-128zm0 429.3l-128-128c-9.2-9.2-11.9-22.9-6.9-34.9s16.6-19.8 29.6-19.8H288c12.9 0 24.6 7.8 29.6 19.8s2.2 25.7-6.9 34.9l-128 128c-12.5 12.5-32.8 12.5-45.3 0z"
                    fill="currentColor"
                    style={{}}
                  />
                </svg>
              </th>
              <th
                onClick={[Function]}
              >
                <div
                  className="header"
                >
                  Esophagus
                </div>
                <svg
                  aria-hidden="true"
                  className="svg-inline--fa fa-sort "
                  data-icon="sort"
                  data-prefix="fas"
                  focusable="false"
                  role="img"
                  style={{}}
                  viewBox="0 0 320 512"
                  xmlns="http://www.w3.org/2000/svg"
                >
                  <path
                    d="M137.4 41.4c12.5-12.5 32.8-12.5 45.3 0l128 128c9.2 9.2 11.9 22.9 6.9 34.9s-16.6 19.8-29.6 19.8H32c-12.9 0-24.6-7.8-29.6-19.8s-2.2-25.7 6.9-34.9l128-128zm0 429.3l-128-128c-9.2-9.2-11.9-22.9-6.9-34.9s16.6-19.8 29.6-19.8H288c12.9 0 24.6 7.8 29.6 19.8s2.2 25.7-6.9 34.9l-128 128c-12.5 12.5-32.8 12.5-45.3 0z"
                    fill="currentColor"
                    style={{}}
                  />
                </svg>
              </th>
              <th
                onClick={[Function]}
              >
                <div
                  className="header"
                >
                  Eye
                </div>
                <svg
                  aria-hidden="true"
                  className="svg-inline--fa fa-sort "
                  data-icon="sort"
                  data-prefix="fas"
                  focusable="false"
                  role="img"
                  style={{}}
                  viewBox="0 0 320 512"
                  xmlns="http://www.w3.org/2000/svg"
                >
                  <path
                    d="M137.4 41.4c12.5-12.5 32.8-12.5 45.3 0l128 128c9.2 9.2 11.9 22.9 6.9 34.9s-16.6 19.8-29.6 19.8H32c-12.9 0-24.6-7.8-29.6-19.8s-2.2-25.7 6.9-34.9l128-128zm0 429.3l-128-128c-9.2-9.2-11.9-22.9-6.9-34.9s16.6-19.8 29.6-19.8H288c12.9 0 24.6 7.8 29.6 19.8s2.2 25.7-6.9 34.9l-128 128c-12.5 12.5-32.8 12.5-45.3 0z"
                    fill="currentColor"
                    style={{}}
                  />
                </svg>
              </th>
              <th
                onClick={[Function]}
              >
                <div
                  className="header"
                >
                  Eye with optic nerve
                </div>
                <svg
                  aria-hidden="true"
                  className="svg-inline--fa fa-sort "
                  data-icon="sort"
                  data-prefix="fas"
                  focusable="false"
                  role="img"
                  style={{}}
                  viewBox="0 0 320 512"
                  xmlns="http://www.w3.org/2000/svg"
                >
                  <path
                    d="M137.4 41.4c12.5-12.5 32.8-12.5 45.3 0l128 128c9.2 9.2 11.9 22.9 6.9 34.9s-16.6 19.8-29.6 19.8H32c-12.9 0-24.6-7.8-29.6-19.8s-2.2-25.7 6.9-34.9l128-128zm0 429.3l-128-128c-9.2-9.2-11.9-22.9-6.9-34.9s16.6-19.8 29.6-19.8H288c12.9 0 24.6 7.8 29.6 19.8s2.2 25.7-6.9 34.9l-128 128c-12.5 12.5-32.8 12.5-45.3 0z"
                    fill="currentColor"
                    style={{}}
                  />
                </svg>
              </th>
              <th
                onClick={[Function]}
              >
                <div
                  className="header"
                >
                  Femur
                </div>
                <svg
                  aria-hidden="true"
                  className="svg-inline--fa fa-sort "
                  data-icon="sort"
                  data-prefix="fas"
                  focusable="false"
                  role="img"
                  style={{}}
                  viewBox="0 0 320 512"
                  xmlns="http://www.w3.org/2000/svg"
                >
                  <path
                    d="M137.4 41.4c12.5-12.5 32.8-12.5 45.3 0l128 128c9.2 9.2 11.9 22.9 6.9 34.9s-16.6 19.8-29.6 19.8H32c-12.9 0-24.6-7.8-29.6-19.8s-2.2-25.7 6.9-34.9l128-128zm0 429.3l-128-128c-9.2-9.2-11.9-22.9-6.9-34.9s16.6-19.8 29.6-19.8H288c12.9 0 24.6 7.8 29.6 19.8s2.2 25.7-6.9 34.9l-128 128c-12.5 12.5-32.8 12.5-45.3 0z"
                    fill="currentColor"
                    style={{}}
                  />
                </svg>
              </th>
              <th
                onClick={[Function]}
              >
                <div
                  className="header"
                >
                  Gall bladder
                </div>
                <svg
                  aria-hidden="true"
                  className="svg-inline--fa fa-sort "
                  data-icon="sort"
                  data-prefix="fas"
                  focusable="false"
                  role="img"
                  style={{}}
                  viewBox="0 0 320 512"
                  xmlns="http://www.w3.org/2000/svg"
                >
                  <path
                    d="M137.4 41.4c12.5-12.5 32.8-12.5 45.3 0l128 128c9.2 9.2 11.9 22.9 6.9 34.9s-16.6 19.8-29.6 19.8H32c-12.9 0-24.6-7.8-29.6-19.8s-2.2-25.7 6.9-34.9l128-128zm0 429.3l-128-128c-9.2-9.2-11.9-22.9-6.9-34.9s16.6-19.8 29.6-19.8H288c12.9 0 24.6 7.8 29.6 19.8s2.2 25.7-6.9 34.9l-128 128c-12.5 12.5-32.8 12.5-45.3 0z"
                    fill="currentColor"
                    style={{}}
                  />
                </svg>
              </th>
              <th
                onClick={[Function]}
              >
                <div
                  className="header"
                >
                  Heart
                </div>
                <svg
                  aria-hidden="true"
                  className="svg-inline--fa fa-sort "
                  data-icon="sort"
                  data-prefix="fas"
                  focusable="false"
                  role="img"
                  style={{}}
                  viewBox="0 0 320 512"
                  xmlns="http://www.w3.org/2000/svg"
                >
                  <path
                    d="M137.4 41.4c12.5-12.5 32.8-12.5 45.3 0l128 128c9.2 9.2 11.9 22.9 6.9 34.9s-16.6 19.8-29.6 19.8H32c-12.9 0-24.6-7.8-29.6-19.8s-2.2-25.7 6.9-34.9l128-128zm0 429.3l-128-128c-9.2-9.2-11.9-22.9-6.9-34.9s16.6-19.8 29.6-19.8H288c12.9 0 24.6 7.8 29.6 19.8s2.2 25.7-6.9 34.9l-128 128c-12.5 12.5-32.8 12.5-45.3 0z"
                    fill="currentColor"
                    style={{}}
                  />
                </svg>
              </th>
              <th
                onClick={[Function]}
              >
                <div
                  className="header"
                >
                  Kidney
                </div>
                <svg
                  aria-hidden="true"
                  className="svg-inline--fa fa-sort "
                  data-icon="sort"
                  data-prefix="fas"
                  focusable="false"
                  role="img"
                  style={{}}
                  viewBox="0 0 320 512"
                  xmlns="http://www.w3.org/2000/svg"
                >
                  <path
                    d="M137.4 41.4c12.5-12.5 32.8-12.5 45.3 0l128 128c9.2 9.2 11.9 22.9 6.9 34.9s-16.6 19.8-29.6 19.8H32c-12.9 0-24.6-7.8-29.6-19.8s-2.2-25.7 6.9-34.9l128-128zm0 429.3l-128-128c-9.2-9.2-11.9-22.9-6.9-34.9s16.6-19.8 29.6-19.8H288c12.9 0 24.6 7.8 29.6 19.8s2.2 25.7-6.9 34.9l-128 128c-12.5 12.5-32.8 12.5-45.3 0z"
                    fill="currentColor"
                    style={{}}
                  />
                </svg>
              </th>
              <th
                onClick={[Function]}
              >
                <div
                  className="header"
                >
                  Knee joint
                </div>
                <svg
                  aria-hidden="true"
                  className="svg-inline--fa fa-sort "
                  data-icon="sort"
                  data-prefix="fas"
                  focusable="false"
                  role="img"
                  style={{}}
                  viewBox="0 0 320 512"
                  xmlns="http://www.w3.org/2000/svg"
                >
                  <path
                    d="M137.4 41.4c12.5-12.5 32.8-12.5 45.3 0l128 128c9.2 9.2 11.9 22.9 6.9 34.9s-16.6 19.8-29.6 19.8H32c-12.9 0-24.6-7.8-29.6-19.8s-2.2-25.7 6.9-34.9l128-128zm0 429.3l-128-128c-9.2-9.2-11.9-22.9-6.9-34.9s16.6-19.8 29.6-19.8H288c12.9 0 24.6 7.8 29.6 19.8s2.2 25.7-6.9 34.9l-128 128c-12.5 12.5-32.8 12.5-45.3 0z"
                    fill="currentColor"
                    style={{}}
                  />
                </svg>
              </th>
              <th
                onClick={[Function]}
              >
                <div
                  className="header"
                >
                  Large intestine
                </div>
                <svg
                  aria-hidden="true"
                  className="svg-inline--fa fa-sort "
                  data-icon="sort"
                  data-prefix="fas"
                  focusable="false"
                  role="img"
                  style={{}}
                  viewBox="0 0 320 512"
                  xmlns="http://www.w3.org/2000/svg"
                >
                  <path
                    d="M137.4 41.4c12.5-12.5 32.8-12.5 45.3 0l128 128c9.2 9.2 11.9 22.9 6.9 34.9s-16.6 19.8-29.6 19.8H32c-12.9 0-24.6-7.8-29.6-19.8s-2.2-25.7 6.9-34.9l128-128zm0 429.3l-128-128c-9.2-9.2-11.9-22.9-6.9-34.9s16.6-19.8 29.6-19.8H288c12.9 0 24.6 7.8 29.6 19.8s2.2 25.7-6.9 34.9l-128 128c-12.5 12.5-32.8 12.5-45.3 0z"
                    fill="currentColor"
                    style={{}}
                  />
                </svg>
              </th>
              <th
                onClick={[Function]}
              >
                <div
                  className="header"
                >
                  Liver
                </div>
                <svg
                  aria-hidden="true"
                  className="svg-inline--fa fa-sort "
                  data-icon="sort"
                  data-prefix="fas"
                  focusable="false"
                  role="img"
                  style={{}}
                  viewBox="0 0 320 512"
                  xmlns="http://www.w3.org/2000/svg"
                >
                  <path
                    d="M137.4 41.4c12.5-12.5 32.8-12.5 45.3 0l128 128c9.2 9.2 11.9 22.9 6.9 34.9s-16.6 19.8-29.6 19.8H32c-12.9 0-24.6-7.8-29.6-19.8s-2.2-25.7 6.9-34.9l128-128zm0 429.3l-128-128c-9.2-9.2-11.9-22.9-6.9-34.9s16.6-19.8 29.6-19.8H288c12.9 0 24.6 7.8 29.6 19.8s2.2 25.7-6.9 34.9l-128 128c-12.5 12.5-32.8 12.5-45.3 0z"
                    fill="currentColor"
                    style={{}}
                  />
                </svg>
              </th>
              <th
                onClick={[Function]}
              >
                <div
                  className="header"
                >
                  Lung
                </div>
                <svg
                  aria-hidden="true"
                  className="svg-inline--fa fa-sort "
                  data-icon="sort"
                  data-prefix="fas"
                  focusable="false"
                  role="img"
                  style={{}}
                  viewBox="0 0 320 512"
                  xmlns="http://www.w3.org/2000/svg"
                >
                  <path
                    d="M137.4 41.4c12.5-12.5 32.8-12.5 45.3 0l128 128c9.2 9.2 11.9 22.9 6.9 34.9s-16.6 19.8-29.6 19.8H32c-12.9 0-24.6-7.8-29.6-19.8s-2.2-25.7 6.9-34.9l128-128zm0 429.3l-128-128c-9.2-9.2-11.9-22.9-6.9-34.9s16.6-19.8 29.6-19.8H288c12.9 0 24.6 7.8 29.6 19.8s2.2 25.7-6.9 34.9l-128 128c-12.5 12.5-32.8 12.5-45.3 0z"
                    fill="currentColor"
                    style={{}}
                  />
                </svg>
              </th>
              <th
                onClick={[Function]}
              >
                <div
                  className="header"
                >
                  Lymph node
                </div>
                <svg
                  aria-hidden="true"
                  className="svg-inline--fa fa-sort "
                  data-icon="sort"
                  data-prefix="fas"
                  focusable="false"
                  role="img"
                  style={{}}
                  viewBox="0 0 320 512"
                  xmlns="http://www.w3.org/2000/svg"
                >
                  <path
                    d="M137.4 41.4c12.5-12.5 32.8-12.5 45.3 0l128 128c9.2 9.2 11.9 22.9 6.9 34.9s-16.6 19.8-29.6 19.8H32c-12.9 0-24.6-7.8-29.6-19.8s-2.2-25.7 6.9-34.9l128-128zm0 429.3l-128-128c-9.2-9.2-11.9-22.9-6.9-34.9s16.6-19.8 29.6-19.8H288c12.9 0 24.6 7.8 29.6 19.8s2.2 25.7-6.9 34.9l-128 128c-12.5 12.5-32.8 12.5-45.3 0z"
                    fill="currentColor"
                    style={{}}
                  />
                </svg>
              </th>
              <th
                onClick={[Function]}
              >
                <div
                  className="header"
                >
                  Mammary gland
                </div>
                <svg
                  aria-hidden="true"
                  className="svg-inline--fa fa-sort "
                  data-icon="sort"
                  data-prefix="fas"
                  focusable="false"
                  role="img"
                  style={{}}
                  viewBox="0 0 320 512"
                  xmlns="http://www.w3.org/2000/svg"
                >
                  <path
                    d="M137.4 41.4c12.5-12.5 32.8-12.5 45.3 0l128 128c9.2 9.2 11.9 22.9 6.9 34.9s-16.6 19.8-29.6 19.8H32c-12.9 0-24.6-7.8-29.6-19.8s-2.2-25.7 6.9-34.9l128-128zm0 429.3l-128-128c-9.2-9.2-11.9-22.9-6.9-34.9s16.6-19.8 29.6-19.8H288c12.9 0 24.6 7.8 29.6 19.8s2.2 25.7-6.9 34.9l-128 128c-12.5 12.5-32.8 12.5-45.3 0z"
                    fill="currentColor"
                    style={{}}
                  />
                </svg>
              </th>
              <th
                onClick={[Function]}
              >
                <div
                  className="header"
                >
                  Nasal cavity
                </div>
                <svg
                  aria-hidden="true"
                  className="svg-inline--fa fa-sort "
                  data-icon="sort"
                  data-prefix="fas"
                  focusable="false"
                  role="img"
                  style={{}}
                  viewBox="0 0 320 512"
                  xmlns="http://www.w3.org/2000/svg"
                >
                  <path
                    d="M137.4 41.4c12.5-12.5 32.8-12.5 45.3 0l128 128c9.2 9.2 11.9 22.9 6.9 34.9s-16.6 19.8-29.6 19.8H32c-12.9 0-24.6-7.8-29.6-19.8s-2.2-25.7 6.9-34.9l128-128zm0 429.3l-128-128c-9.2-9.2-11.9-22.9-6.9-34.9s16.6-19.8 29.6-19.8H288c12.9 0 24.6 7.8 29.6 19.8s2.2 25.7-6.9 34.9l-128 128c-12.5 12.5-32.8 12.5-45.3 0z"
                    fill="currentColor"
                    style={{}}
                  />
                </svg>
              </th>
              <th
                onClick={[Function]}
              >
                <div
                  className="header"
                >
                  Optic II nerve
                </div>
                <svg
                  aria-hidden="true"
                  className="svg-inline--fa fa-sort "
                  data-icon="sort"
                  data-prefix="fas"
                  focusable="false"
                  role="img"
                  style={{}}
                  viewBox="0 0 320 512"
                  xmlns="http://www.w3.org/2000/svg"
                >
                  <path
                    d="M137.4 41.4c12.5-12.5 32.8-12.5 45.3 0l128 128c9.2 9.2 11.9 22.9 6.9 34.9s-16.6 19.8-29.6 19.8H32c-12.9 0-24.6-7.8-29.6-19.8s-2.2-25.7 6.9-34.9l128-128zm0 429.3l-128-128c-9.2-9.2-11.9-22.9-6.9-34.9s16.6-19.8 29.6-19.8H288c12.9 0 24.6 7.8 29.6 19.8s2.2 25.7-6.9 34.9l-128 128c-12.5 12.5-32.8 12.5-45.3 0z"
                    fill="currentColor"
                    style={{}}
                  />
                </svg>
              </th>
              <th
                onClick={[Function]}
              >
                <div
                  className="header"
                >
                  Ovary
                </div>
                <svg
                  aria-hidden="true"
                  className="svg-inline--fa fa-sort "
                  data-icon="sort"
                  data-prefix="fas"
                  focusable="false"
                  role="img"
                  style={{}}
                  viewBox="0 0 320 512"
                  xmlns="http://www.w3.org/2000/svg"
                >
                  <path
                    d="M137.4 41.4c12.5-12.5 32.8-12.5 45.3 0l128 128c9.2 9.2 11.9 22.9 6.9 34.9s-16.6 19.8-29.6 19.8H32c-12.9 0-24.6-7.8-29.6-19.8s-2.2-25.7 6.9-34.9l128-128zm0 429.3l-128-128c-9.2-9.2-11.9-22.9-6.9-34.9s16.6-19.8 29.6-19.8H288c12.9 0 24.6 7.8 29.6 19.8s2.2 25.7-6.9 34.9l-128 128c-12.5 12.5-32.8 12.5-45.3 0z"
                    fill="currentColor"
                    style={{}}
                  />
                </svg>
              </th>
              <th
                onClick={[Function]}
              >
                <div
                  className="header"
                >
                  Pancreas
                </div>
                <svg
                  aria-hidden="true"
                  className="svg-inline--fa fa-sort "
                  data-icon="sort"
                  data-prefix="fas"
                  focusable="false"
                  role="img"
                  style={{}}
                  viewBox="0 0 320 512"
                  xmlns="http://www.w3.org/2000/svg"
                >
                  <path
                    d="M137.4 41.4c12.5-12.5 32.8-12.5 45.3 0l128 128c9.2 9.2 11.9 22.9 6.9 34.9s-16.6 19.8-29.6 19.8H32c-12.9 0-24.6-7.8-29.6-19.8s-2.2-25.7 6.9-34.9l128-128zm0 429.3l-128-128c-9.2-9.2-11.9-22.9-6.9-34.9s16.6-19.8 29.6-19.8H288c12.9 0 24.6 7.8 29.6 19.8s2.2 25.7-6.9 34.9l-128 128c-12.5 12.5-32.8 12.5-45.3 0z"
                    fill="currentColor"
                    style={{}}
                  />
                </svg>
              </th>
              <th
                onClick={[Function]}
              >
                <div
                  className="header"
                >
                  Pituitary gland
                </div>
                <svg
                  aria-hidden="true"
                  className="svg-inline--fa fa-sort "
                  data-icon="sort"
                  data-prefix="fas"
                  focusable="false"
                  role="img"
                  style={{}}
                  viewBox="0 0 320 512"
                  xmlns="http://www.w3.org/2000/svg"
                >
                  <path
                    d="M137.4 41.4c12.5-12.5 32.8-12.5 45.3 0l128 128c9.2 9.2 11.9 22.9 6.9 34.9s-16.6 19.8-29.6 19.8H32c-12.9 0-24.6-7.8-29.6-19.8s-2.2-25.7 6.9-34.9l128-128zm0 429.3l-128-128c-9.2-9.2-11.9-22.9-6.9-34.9s16.6-19.8 29.6-19.8H288c12.9 0 24.6 7.8 29.6 19.8s2.2 25.7-6.9 34.9l-128 128c-12.5 12.5-32.8 12.5-45.3 0z"
                    fill="currentColor"
                    style={{}}
                  />
                </svg>
              </th>
              <th
                onClick={[Function]}
              >
                <div
                  className="header"
                >
                  Prostate
                </div>
                <svg
                  aria-hidden="true"
                  className="svg-inline--fa fa-sort "
                  data-icon="sort"
                  data-prefix="fas"
                  focusable="false"
                  role="img"
                  style={{}}
                  viewBox="0 0 320 512"
                  xmlns="http://www.w3.org/2000/svg"
                >
                  <path
                    d="M137.4 41.4c12.5-12.5 32.8-12.5 45.3 0l128 128c9.2 9.2 11.9 22.9 6.9 34.9s-16.6 19.8-29.6 19.8H32c-12.9 0-24.6-7.8-29.6-19.8s-2.2-25.7 6.9-34.9l128-128zm0 429.3l-128-128c-9.2-9.2-11.9-22.9-6.9-34.9s16.6-19.8 29.6-19.8H288c12.9 0 24.6 7.8 29.6 19.8s2.2 25.7-6.9 34.9l-128 128c-12.5 12.5-32.8 12.5-45.3 0z"
                    fill="currentColor"
                    style={{}}
                  />
                </svg>
              </th>
              <th
                onClick={[Function]}
              >
                <div
                  className="header"
                >
                  Prostate gland
                </div>
                <svg
                  aria-hidden="true"
                  className="svg-inline--fa fa-sort "
                  data-icon="sort"
                  data-prefix="fas"
                  focusable="false"
                  role="img"
                  style={{}}
                  viewBox="0 0 320 512"
                  xmlns="http://www.w3.org/2000/svg"
                >
                  <path
                    d="M137.4 41.4c12.5-12.5 32.8-12.5 45.3 0l128 128c9.2 9.2 11.9 22.9 6.9 34.9s-16.6 19.8-29.6 19.8H32c-12.9 0-24.6-7.8-29.6-19.8s-2.2-25.7 6.9-34.9l128-128zm0 429.3l-128-128c-9.2-9.2-11.9-22.9-6.9-34.9s16.6-19.8 29.6-19.8H288c12.9 0 24.6 7.8 29.6 19.8s2.2 25.7-6.9 34.9l-128 128c-12.5 12.5-32.8 12.5-45.3 0z"
                    fill="currentColor"
                    style={{}}
                  />
                </svg>
              </th>
              <th
                onClick={[Function]}
              >
                <div
                  className="header"
                >
                  Salivary gland
                </div>
                <svg
                  aria-hidden="true"
                  className="svg-inline--fa fa-sort "
                  data-icon="sort"
                  data-prefix="fas"
                  focusable="false"
                  role="img"
                  style={{}}
                  viewBox="0 0 320 512"
                  xmlns="http://www.w3.org/2000/svg"
                >
                  <path
                    d="M137.4 41.4c12.5-12.5 32.8-12.5 45.3 0l128 128c9.2 9.2 11.9 22.9 6.9 34.9s-16.6 19.8-29.6 19.8H32c-12.9 0-24.6-7.8-29.6-19.8s-2.2-25.7 6.9-34.9l128-128zm0 429.3l-128-128c-9.2-9.2-11.9-22.9-6.9-34.9s16.6-19.8 29.6-19.8H288c12.9 0 24.6 7.8 29.6 19.8s2.2 25.7-6.9 34.9l-128 128c-12.5 12.5-32.8 12.5-45.3 0z"
                    fill="currentColor"
                    style={{}}
                  />
                </svg>
              </th>
              <th
                onClick={[Function]}
              >
                <div
                  className="header"
                >
                  Sciatic nerve
                </div>
                <svg
                  aria-hidden="true"
                  className="svg-inline--fa fa-sort "
                  data-icon="sort"
                  data-prefix="fas"
                  focusable="false"
                  role="img"
                  style={{}}
                  viewBox="0 0 320 512"
                  xmlns="http://www.w3.org/2000/svg"
                >
                  <path
                    d="M137.4 41.4c12.5-12.5 32.8-12.5 45.3 0l128 128c9.2 9.2 11.9 22.9 6.9 34.9s-16.6 19.8-29.6 19.8H32c-12.9 0-24.6-7.8-29.6-19.8s-2.2-25.7 6.9-34.9l128-128zm0 429.3l-128-128c-9.2-9.2-11.9-22.9-6.9-34.9s16.6-19.8 29.6-19.8H288c12.9 0 24.6 7.8 29.6 19.8s2.2 25.7-6.9 34.9l-128 128c-12.5 12.5-32.8 12.5-45.3 0z"
                    fill="currentColor"
                    style={{}}
                  />
                </svg>
              </th>
              <th
                onClick={[Function]}
              >
                <div
                  className="header"
                >
                  Seminal vesicle
                </div>
                <svg
                  aria-hidden="true"
                  className="svg-inline--fa fa-sort "
                  data-icon="sort"
                  data-prefix="fas"
                  focusable="false"
                  role="img"
                  style={{}}
                  viewBox="0 0 320 512"
                  xmlns="http://www.w3.org/2000/svg"
                >
                  <path
                    d="M137.4 41.4c12.5-12.5 32.8-12.5 45.3 0l128 128c9.2 9.2 11.9 22.9 6.9 34.9s-16.6 19.8-29.6 19.8H32c-12.9 0-24.6-7.8-29.6-19.8s-2.2-25.7 6.9-34.9l128-128zm0 429.3l-128-128c-9.2-9.2-11.9-22.9-6.9-34.9s16.6-19.8 29.6-19.8H288c12.9 0 24.6 7.8 29.6 19.8s2.2 25.7-6.9 34.9l-128 128c-12.5 12.5-32.8 12.5-45.3 0z"
                    fill="currentColor"
                    style={{}}
                  />
                </svg>
              </th>
              <th
                onClick={[Function]}
              >
                <div
                  className="header"
                >
                  Skeletal muscle
                </div>
                <svg
                  aria-hidden="true"
                  className="svg-inline--fa fa-sort "
                  data-icon="sort"
                  data-prefix="fas"
                  focusable="false"
                  role="img"
                  style={{}}
                  viewBox="0 0 320 512"
                  xmlns="http://www.w3.org/2000/svg"
                >
                  <path
                    d="M137.4 41.4c12.5-12.5 32.8-12.5 45.3 0l128 128c9.2 9.2 11.9 22.9 6.9 34.9s-16.6 19.8-29.6 19.8H32c-12.9 0-24.6-7.8-29.6-19.8s-2.2-25.7 6.9-34.9l128-128zm0 429.3l-128-128c-9.2-9.2-11.9-22.9-6.9-34.9s16.6-19.8 29.6-19.8H288c12.9 0 24.6 7.8 29.6 19.8s2.2 25.7-6.9 34.9l-128 128c-12.5 12.5-32.8 12.5-45.3 0z"
                    fill="currentColor"
                    style={{}}
                  />
                </svg>
              </th>
              <th
                onClick={[Function]}
              >
                <div
                  className="header"
                >
                  Skin
                </div>
                <svg
                  aria-hidden="true"
                  className="svg-inline--fa fa-sort "
                  data-icon="sort"
                  data-prefix="fas"
                  focusable="false"
                  role="img"
                  style={{}}
                  viewBox="0 0 320 512"
                  xmlns="http://www.w3.org/2000/svg"
                >
                  <path
                    d="M137.4 41.4c12.5-12.5 32.8-12.5 45.3 0l128 128c9.2 9.2 11.9 22.9 6.9 34.9s-16.6 19.8-29.6 19.8H32c-12.9 0-24.6-7.8-29.6-19.8s-2.2-25.7 6.9-34.9l128-128zm0 429.3l-128-128c-9.2-9.2-11.9-22.9-6.9-34.9s16.6-19.8 29.6-19.8H288c12.9 0 24.6 7.8 29.6 19.8s2.2 25.7-6.9 34.9l-128 128c-12.5 12.5-32.8 12.5-45.3 0z"
                    fill="currentColor"
                    style={{}}
                  />
                </svg>
              </th>
              <th
                onClick={[Function]}
              >
                <div
                  className="header"
                >
                  Small intestine
                </div>
                <svg
                  aria-hidden="true"
                  className="svg-inline--fa fa-sort "
                  data-icon="sort"
                  data-prefix="fas"
                  focusable="false"
                  role="img"
                  style={{}}
                  viewBox="0 0 320 512"
                  xmlns="http://www.w3.org/2000/svg"
                >
                  <path
                    d="M137.4 41.4c12.5-12.5 32.8-12.5 45.3 0l128 128c9.2 9.2 11.9 22.9 6.9 34.9s-16.6 19.8-29.6 19.8H32c-12.9 0-24.6-7.8-29.6-19.8s-2.2-25.7 6.9-34.9l128-128zm0 429.3l-128-128c-9.2-9.2-11.9-22.9-6.9-34.9s16.6-19.8 29.6-19.8H288c12.9 0 24.6 7.8 29.6 19.8s2.2 25.7-6.9 34.9l-128 128c-12.5 12.5-32.8 12.5-45.3 0z"
                    fill="currentColor"
                    style={{}}
                  />
                </svg>
              </th>
              <th
                onClick={[Function]}
              >
                <div
                  className="header"
                >
                  Spinal cord
                </div>
                <svg
                  aria-hidden="true"
                  className="svg-inline--fa fa-sort "
                  data-icon="sort"
                  data-prefix="fas"
                  focusable="false"
                  role="img"
                  style={{}}
                  viewBox="0 0 320 512"
                  xmlns="http://www.w3.org/2000/svg"
                >
                  <path
                    d="M137.4 41.4c12.5-12.5 32.8-12.5 45.3 0l128 128c9.2 9.2 11.9 22.9 6.9 34.9s-16.6 19.8-29.6 19.8H32c-12.9 0-24.6-7.8-29.6-19.8s-2.2-25.7 6.9-34.9l128-128zm0 429.3l-128-128c-9.2-9.2-11.9-22.9-6.9-34.9s16.6-19.8 29.6-19.8H288c12.9 0 24.6 7.8 29.6 19.8s2.2 25.7-6.9 34.9l-128 128c-12.5 12.5-32.8 12.5-45.3 0z"
                    fill="currentColor"
                    style={{}}
                  />
                </svg>
              </th>
              <th
                onClick={[Function]}
              >
                <div
                  className="header"
                >
                  Spleen
                </div>
                <svg
                  aria-hidden="true"
                  className="svg-inline--fa fa-sort "
                  data-icon="sort"
                  data-prefix="fas"
                  focusable="false"
                  role="img"
                  style={{}}
                  viewBox="0 0 320 512"
                  xmlns="http://www.w3.org/2000/svg"
                >
                  <path
                    d="M137.4 41.4c12.5-12.5 32.8-12.5 45.3 0l128 128c9.2 9.2 11.9 22.9 6.9 34.9s-16.6 19.8-29.6 19.8H32c-12.9 0-24.6-7.8-29.6-19.8s-2.2-25.7 6.9-34.9l128-128zm0 429.3l-128-128c-9.2-9.2-11.9-22.9-6.9-34.9s16.6-19.8 29.6-19.8H288c12.9 0 24.6 7.8 29.6 19.8s2.2 25.7-6.9 34.9l-128 128c-12.5 12.5-32.8 12.5-45.3 0z"
                    fill="currentColor"
                    style={{}}
                  />
                </svg>
              </th>
              <th
                onClick={[Function]}
              >
                <div
                  className="header"
                >
                  Sternum
                </div>
                <svg
                  aria-hidden="true"
                  className="svg-inline--fa fa-sort "
                  data-icon="sort"
                  data-prefix="fas"
                  focusable="false"
                  role="img"
                  style={{}}
                  viewBox="0 0 320 512"
                  xmlns="http://www.w3.org/2000/svg"
                >
                  <path
                    d="M137.4 41.4c12.5-12.5 32.8-12.5 45.3 0l128 128c9.2 9.2 11.9 22.9 6.9 34.9s-16.6 19.8-29.6 19.8H32c-12.9 0-24.6-7.8-29.6-19.8s-2.2-25.7 6.9-34.9l128-128zm0 429.3l-128-128c-9.2-9.2-11.9-22.9-6.9-34.9s16.6-19.8 29.6-19.8H288c12.9 0 24.6 7.8 29.6 19.8s2.2 25.7-6.9 34.9l-128 128c-12.5 12.5-32.8 12.5-45.3 0z"
                    fill="currentColor"
                    style={{}}
                  />
                </svg>
              </th>
              <th
                onClick={[Function]}
              >
                <div
                  className="header"
                >
                  Stomach
                </div>
                <svg
                  aria-hidden="true"
                  className="svg-inline--fa fa-sort "
                  data-icon="sort"
                  data-prefix="fas"
                  focusable="false"
                  role="img"
                  style={{}}
                  viewBox="0 0 320 512"
                  xmlns="http://www.w3.org/2000/svg"
                >
                  <path
                    d="M137.4 41.4c12.5-12.5 32.8-12.5 45.3 0l128 128c9.2 9.2 11.9 22.9 6.9 34.9s-16.6 19.8-29.6 19.8H32c-12.9 0-24.6-7.8-29.6-19.8s-2.2-25.7 6.9-34.9l128-128zm0 429.3l-128-128c-9.2-9.2-11.9-22.9-6.9-34.9s16.6-19.8 29.6-19.8H288c12.9 0 24.6 7.8 29.6 19.8s2.2 25.7-6.9 34.9l-128 128c-12.5 12.5-32.8 12.5-45.3 0z"
                    fill="currentColor"
                    style={{}}
                  />
                </svg>
              </th>
              <th
                onClick={[Function]}
              >
                <div
                  className="header"
                >
                  Subcutaneous adipose tissue
                </div>
                <svg
                  aria-hidden="true"
                  className="svg-inline--fa fa-sort "
                  data-icon="sort"
                  data-prefix="fas"
                  focusable="false"
                  role="img"
                  style={{}}
                  viewBox="0 0 320 512"
                  xmlns="http://www.w3.org/2000/svg"
                >
                  <path
                    d="M137.4 41.4c12.5-12.5 32.8-12.5 45.3 0l128 128c9.2 9.2 11.9 22.9 6.9 34.9s-16.6 19.8-29.6 19.8H32c-12.9 0-24.6-7.8-29.6-19.8s-2.2-25.7 6.9-34.9l128-128zm0 429.3l-128-128c-9.2-9.2-11.9-22.9-6.9-34.9s16.6-19.8 29.6-19.8H288c12.9 0 24.6 7.8 29.6 19.8s2.2 25.7-6.9 34.9l-128 128c-12.5 12.5-32.8 12.5-45.3 0z"
                    fill="currentColor"
                    style={{}}
                  />
                </svg>
              </th>
              <th
                onClick={[Function]}
              >
                <div
                  className="header"
                >
                  Testes
                </div>
                <svg
                  aria-hidden="true"
                  className="svg-inline--fa fa-sort "
                  data-icon="sort"
                  data-prefix="fas"
                  focusable="false"
                  role="img"
                  style={{}}
                  viewBox="0 0 320 512"
                  xmlns="http://www.w3.org/2000/svg"
                >
                  <path
                    d="M137.4 41.4c12.5-12.5 32.8-12.5 45.3 0l128 128c9.2 9.2 11.9 22.9 6.9 34.9s-16.6 19.8-29.6 19.8H32c-12.9 0-24.6-7.8-29.6-19.8s-2.2-25.7 6.9-34.9l128-128zm0 429.3l-128-128c-9.2-9.2-11.9-22.9-6.9-34.9s16.6-19.8 29.6-19.8H288c12.9 0 24.6 7.8 29.6 19.8s2.2 25.7-6.9 34.9l-128 128c-12.5 12.5-32.8 12.5-45.3 0z"
                    fill="currentColor"
                    style={{}}
                  />
                </svg>
              </th>
              <th
                onClick={[Function]}
              >
                <div
                  className="header"
                >
                  Testis
                </div>
                <svg
                  aria-hidden="true"
                  className="svg-inline--fa fa-sort "
                  data-icon="sort"
                  data-prefix="fas"
                  focusable="false"
                  role="img"
                  style={{}}
                  viewBox="0 0 320 512"
                  xmlns="http://www.w3.org/2000/svg"
                >
                  <path
                    d="M137.4 41.4c12.5-12.5 32.8-12.5 45.3 0l128 128c9.2 9.2 11.9 22.9 6.9 34.9s-16.6 19.8-29.6 19.8H32c-12.9 0-24.6-7.8-29.6-19.8s-2.2-25.7 6.9-34.9l128-128zm0 429.3l-128-128c-9.2-9.2-11.9-22.9-6.9-34.9s16.6-19.8 29.6-19.8H288c12.9 0 24.6 7.8 29.6 19.8s2.2 25.7-6.9 34.9l-128 128c-12.5 12.5-32.8 12.5-45.3 0z"
                    fill="currentColor"
                    style={{}}
                  />
                </svg>
              </th>
              <th
                onClick={[Function]}
              >
                <div
                  className="header"
                >
                  Thymus
                </div>
                <svg
                  aria-hidden="true"
                  className="svg-inline--fa fa-sort "
                  data-icon="sort"
                  data-prefix="fas"
                  focusable="false"
                  role="img"
                  style={{}}
                  viewBox="0 0 320 512"
                  xmlns="http://www.w3.org/2000/svg"
                >
                  <path
                    d="M137.4 41.4c12.5-12.5 32.8-12.5 45.3 0l128 128c9.2 9.2 11.9 22.9 6.9 34.9s-16.6 19.8-29.6 19.8H32c-12.9 0-24.6-7.8-29.6-19.8s-2.2-25.7 6.9-34.9l128-128zm0 429.3l-128-128c-9.2-9.2-11.9-22.9-6.9-34.9s16.6-19.8 29.6-19.8H288c12.9 0 24.6 7.8 29.6 19.8s2.2 25.7-6.9 34.9l-128 128c-12.5 12.5-32.8 12.5-45.3 0z"
                    fill="currentColor"
                    style={{}}
                  />
                </svg>
              </th>
              <th
                onClick={[Function]}
              >
                <div
                  className="header"
                >
                  Thyroid
                </div>
                <svg
                  aria-hidden="true"
                  className="svg-inline--fa fa-sort "
                  data-icon="sort"
                  data-prefix="fas"
                  focusable="false"
                  role="img"
                  style={{}}
                  viewBox="0 0 320 512"
                  xmlns="http://www.w3.org/2000/svg"
                >
                  <path
                    d="M137.4 41.4c12.5-12.5 32.8-12.5 45.3 0l128 128c9.2 9.2 11.9 22.9 6.9 34.9s-16.6 19.8-29.6 19.8H32c-12.9 0-24.6-7.8-29.6-19.8s-2.2-25.7 6.9-34.9l128-128zm0 429.3l-128-128c-9.2-9.2-11.9-22.9-6.9-34.9s16.6-19.8 29.6-19.8H288c12.9 0 24.6 7.8 29.6 19.8s2.2 25.7-6.9 34.9l-128 128c-12.5 12.5-32.8 12.5-45.3 0z"
                    fill="currentColor"
                    style={{}}
                  />
                </svg>
              </th>
              <th
                onClick={[Function]}
              >
                <div
                  className="header"
                >
                  Tibia
                </div>
                <svg
                  aria-hidden="true"
                  className="svg-inline--fa fa-sort "
                  data-icon="sort"
                  data-prefix="fas"
                  focusable="false"
                  role="img"
                  style={{}}
                  viewBox="0 0 320 512"
                  xmlns="http://www.w3.org/2000/svg"
                >
                  <path
                    d="M137.4 41.4c12.5-12.5 32.8-12.5 45.3 0l128 128c9.2 9.2 11.9 22.9 6.9 34.9s-16.6 19.8-29.6 19.8H32c-12.9 0-24.6-7.8-29.6-19.8s-2.2-25.7 6.9-34.9l128-128zm0 429.3l-128-128c-9.2-9.2-11.9-22.9-6.9-34.9s16.6-19.8 29.6-19.8H288c12.9 0 24.6 7.8 29.6 19.8s2.2 25.7-6.9 34.9l-128 128c-12.5 12.5-32.8 12.5-45.3 0z"
                    fill="currentColor"
                    style={{}}
                  />
                </svg>
              </th>
              <th
                onClick={[Function]}
              >
                <div
                  className="header"
                >
                  Tongue
                </div>
                <svg
                  aria-hidden="true"
                  className="svg-inline--fa fa-sort "
                  data-icon="sort"
                  data-prefix="fas"
                  focusable="false"
                  role="img"
                  style={{}}
                  viewBox="0 0 320 512"
                  xmlns="http://www.w3.org/2000/svg"
                >
                  <path
                    d="M137.4 41.4c12.5-12.5 32.8-12.5 45.3 0l128 128c9.2 9.2 11.9 22.9 6.9 34.9s-16.6 19.8-29.6 19.8H32c-12.9 0-24.6-7.8-29.6-19.8s-2.2-25.7 6.9-34.9l128-128zm0 429.3l-128-128c-9.2-9.2-11.9-22.9-6.9-34.9s16.6-19.8 29.6-19.8H288c12.9 0 24.6 7.8 29.6 19.8s2.2 25.7-6.9 34.9l-128 128c-12.5 12.5-32.8 12.5-45.3 0z"
                    fill="currentColor"
                    style={{}}
                  />
                </svg>
              </th>
              <th
                onClick={[Function]}
              >
                <div
                  className="header"
                >
                  Tooth
                </div>
                <svg
                  aria-hidden="true"
                  className="svg-inline--fa fa-sort "
                  data-icon="sort"
                  data-prefix="fas"
                  focusable="false"
                  role="img"
                  style={{}}
                  viewBox="0 0 320 512"
                  xmlns="http://www.w3.org/2000/svg"
                >
                  <path
                    d="M137.4 41.4c12.5-12.5 32.8-12.5 45.3 0l128 128c9.2 9.2 11.9 22.9 6.9 34.9s-16.6 19.8-29.6 19.8H32c-12.9 0-24.6-7.8-29.6-19.8s-2.2-25.7 6.9-34.9l128-128zm0 429.3l-128-128c-9.2-9.2-11.9-22.9-6.9-34.9s16.6-19.8 29.6-19.8H288c12.9 0 24.6 7.8 29.6 19.8s2.2 25.7-6.9 34.9l-128 128c-12.5 12.5-32.8 12.5-45.3 0z"
                    fill="currentColor"
                    style={{}}
                  />
                </svg>
              </th>
              <th
                onClick={[Function]}
              >
                <div
                  className="header"
                >
                  Trachea
                </div>
                <svg
                  aria-hidden="true"
                  className="svg-inline--fa fa-sort "
                  data-icon="sort"
                  data-prefix="fas"
                  focusable="false"
                  role="img"
                  style={{}}
                  viewBox="0 0 320 512"
                  xmlns="http://www.w3.org/2000/svg"
                >
                  <path
                    d="M137.4 41.4c12.5-12.5 32.8-12.5 45.3 0l128 128c9.2 9.2 11.9 22.9 6.9 34.9s-16.6 19.8-29.6 19.8H32c-12.9 0-24.6-7.8-29.6-19.8s-2.2-25.7 6.9-34.9l128-128zm0 429.3l-128-128c-9.2-9.2-11.9-22.9-6.9-34.9s16.6-19.8 29.6-19.8H288c12.9 0 24.6 7.8 29.6 19.8s2.2 25.7-6.9 34.9l-128 128c-12.5 12.5-32.8 12.5-45.3 0z"
                    fill="currentColor"
                    style={{}}
                  />
                </svg>
              </th>
              <th
                onClick={[Function]}
              >
                <div
                  className="header"
                >
                  Trigeminal V ganglion
                </div>
                <svg
                  aria-hidden="true"
                  className="svg-inline--fa fa-sort "
                  data-icon="sort"
                  data-prefix="fas"
                  focusable="false"
                  role="img"
                  style={{}}
                  viewBox="0 0 320 512"
                  xmlns="http://www.w3.org/2000/svg"
                >
                  <path
                    d="M137.4 41.4c12.5-12.5 32.8-12.5 45.3 0l128 128c9.2 9.2 11.9 22.9 6.9 34.9s-16.6 19.8-29.6 19.8H32c-12.9 0-24.6-7.8-29.6-19.8s-2.2-25.7 6.9-34.9l128-128zm0 429.3l-128-128c-9.2-9.2-11.9-22.9-6.9-34.9s16.6-19.8 29.6-19.8H288c12.9 0 24.6 7.8 29.6 19.8s2.2 25.7-6.9 34.9l-128 128c-12.5 12.5-32.8 12.5-45.3 0z"
                    fill="currentColor"
                    style={{}}
                  />
                </svg>
              </th>
              <th
                onClick={[Function]}
              >
                <div
                  className="header"
                >
                  Trigeminal V nerve
                </div>
                <svg
                  aria-hidden="true"
                  className="svg-inline--fa fa-sort "
                  data-icon="sort"
                  data-prefix="fas"
                  focusable="false"
                  role="img"
                  style={{}}
                  viewBox="0 0 320 512"
                  xmlns="http://www.w3.org/2000/svg"
                >
                  <path
                    d="M137.4 41.4c12.5-12.5 32.8-12.5 45.3 0l128 128c9.2 9.2 11.9 22.9 6.9 34.9s-16.6 19.8-29.6 19.8H32c-12.9 0-24.6-7.8-29.6-19.8s-2.2-25.7 6.9-34.9l128-128zm0 429.3l-128-128c-9.2-9.2-11.9-22.9-6.9-34.9s16.6-19.8 29.6-19.8H288c12.9 0 24.6 7.8 29.6 19.8s2.2 25.7-6.9 34.9l-128 128c-12.5 12.5-32.8 12.5-45.3 0z"
                    fill="currentColor"
                    style={{}}
                  />
                </svg>
              </th>
              <th
                onClick={[Function]}
              >
                <div
                  className="header"
                >
                  Urinary bladder
                </div>
                <svg
                  aria-hidden="true"
                  className="svg-inline--fa fa-sort "
                  data-icon="sort"
                  data-prefix="fas"
                  focusable="false"
                  role="img"
                  style={{}}
                  viewBox="0 0 320 512"
                  xmlns="http://www.w3.org/2000/svg"
                >
                  <path
                    d="M137.4 41.4c12.5-12.5 32.8-12.5 45.3 0l128 128c9.2 9.2 11.9 22.9 6.9 34.9s-16.6 19.8-29.6 19.8H32c-12.9 0-24.6-7.8-29.6-19.8s-2.2-25.7 6.9-34.9l128-128zm0 429.3l-128-128c-9.2-9.2-11.9-22.9-6.9-34.9s16.6-19.8 29.6-19.8H288c12.9 0 24.6 7.8 29.6 19.8s2.2 25.7-6.9 34.9l-128 128c-12.5 12.5-32.8 12.5-45.3 0z"
                    fill="currentColor"
                    style={{}}
                  />
                </svg>
              </th>
              <th
                onClick={[Function]}
              >
                <div
                  className="header"
                >
                  Uterus
                </div>
                <svg
                  aria-hidden="true"
                  className="svg-inline--fa fa-sort "
                  data-icon="sort"
                  data-prefix="fas"
                  focusable="false"
                  role="img"
                  style={{}}
                  viewBox="0 0 320 512"
                  xmlns="http://www.w3.org/2000/svg"
                >
                  <path
                    d="M137.4 41.4c12.5-12.5 32.8-12.5 45.3 0l128 128c9.2 9.2 11.9 22.9 6.9 34.9s-16.6 19.8-29.6 19.8H32c-12.9 0-24.6-7.8-29.6-19.8s-2.2-25.7 6.9-34.9l128-128zm0 429.3l-128-128c-9.2-9.2-11.9-22.9-6.9-34.9s16.6-19.8 29.6-19.8H288c12.9 0 24.6 7.8 29.6 19.8s2.2 25.7-6.9 34.9l-128 128c-12.5 12.5-32.8 12.5-45.3 0z"
                    fill="currentColor"
                    style={{}}
                  />
                </svg>
              </th>
              <th
                onClick={[Function]}
              >
                <div
                  className="header"
                >
                  White adipose tissue
                </div>
                <svg
                  aria-hidden="true"
                  className="svg-inline--fa fa-sort "
                  data-icon="sort"
                  data-prefix="fas"
                  focusable="false"
                  role="img"
                  style={{}}
                  viewBox="0 0 320 512"
                  xmlns="http://www.w3.org/2000/svg"
                >
                  <path
                    d="M137.4 41.4c12.5-12.5 32.8-12.5 45.3 0l128 128c9.2 9.2 11.9 22.9 6.9 34.9s-16.6 19.8-29.6 19.8H32c-12.9 0-24.6-7.8-29.6-19.8s-2.2-25.7 6.9-34.9l128-128zm0 429.3l-128-128c-9.2-9.2-11.9-22.9-6.9-34.9s16.6-19.8 29.6-19.8H288c12.9 0 24.6 7.8 29.6 19.8s2.2 25.7-6.9 34.9l-128 128c-12.5 12.5-32.8 12.5-45.3 0z"
                    fill="currentColor"
                    style={{}}
                  />
                </svg>
              </th>
            </tr>
          </thead>
          <tfoot>
            <tr>
              <th>
                <div
                  className="header"
                >
                  Gene
                </div>
              </th>
              <th>
                Fixed tissue available
              </th>
              <th
                onClick={[Function]}
              >
                <div
                  className="header"
                >
                  Adrenal gland
                </div>
              </th>
              <th
                onClick={[Function]}
              >
                <div
                  className="header"
                >
                  Bone
                </div>
              </th>
              <th
                onClick={[Function]}
              >
                <div
                  className="header"
                >
                  Bone marrow
                </div>
              </th>
              <th
                onClick={[Function]}
              >
                <div
                  className="header"
                >
                  Brain
                </div>
              </th>
              <th
                onClick={[Function]}
              >
                <div
                  className="header"
                >
                  Brown adipose tissue
                </div>
              </th>
              <th
                onClick={[Function]}
              >
                <div
                  className="header"
                >
                  Ear
                </div>
              </th>
              <th
                onClick={[Function]}
              >
                <div
                  className="header"
                >
                  Epididymis
                </div>
              </th>
              <th
                onClick={[Function]}
              >
                <div
                  className="header"
                >
                  Esophagus
                </div>
              </th>
              <th
                onClick={[Function]}
              >
                <div
                  className="header"
                >
                  Eye
                </div>
              </th>
              <th
                onClick={[Function]}
              >
                <div
                  className="header"
                >
                  Eye with optic nerve
                </div>
              </th>
              <th
                onClick={[Function]}
              >
                <div
                  className="header"
                >
                  Femur
                </div>
              </th>
              <th
                onClick={[Function]}
              >
                <div
                  className="header"
                >
                  Gall bladder
                </div>
              </th>
              <th
                onClick={[Function]}
              >
                <div
                  className="header"
                >
                  Heart
                </div>
              </th>
              <th
                onClick={[Function]}
              >
                <div
                  className="header"
                >
                  Kidney
                </div>
              </th>
              <th
                onClick={[Function]}
              >
                <div
                  className="header"
                >
                  Knee joint
                </div>
              </th>
              <th
                onClick={[Function]}
              >
                <div
                  className="header"
                >
                  Large intestine
                </div>
              </th>
              <th
                onClick={[Function]}
              >
                <div
                  className="header"
                >
                  Liver
                </div>
              </th>
              <th
                onClick={[Function]}
              >
                <div
                  className="header"
                >
                  Lung
                </div>
              </th>
              <th
                onClick={[Function]}
              >
                <div
                  className="header"
                >
                  Lymph node
                </div>
              </th>
              <th
                onClick={[Function]}
              >
                <div
                  className="header"
                >
                  Mammary gland
                </div>
              </th>
              <th
                onClick={[Function]}
              >
                <div
                  className="header"
                >
                  Nasal cavity
                </div>
              </th>
              <th
                onClick={[Function]}
              >
                <div
                  className="header"
                >
                  Optic II nerve
                </div>
              </th>
              <th
                onClick={[Function]}
              >
                <div
                  className="header"
                >
                  Ovary
                </div>
              </th>
              <th
                onClick={[Function]}
              >
                <div
                  className="header"
                >
                  Pancreas
                </div>
              </th>
              <th
                onClick={[Function]}
              >
                <div
                  className="header"
                >
                  Pituitary gland
                </div>
              </th>
              <th
                onClick={[Function]}
              >
                <div
                  className="header"
                >
                  Prostate
                </div>
              </th>
              <th
                onClick={[Function]}
              >
                <div
                  className="header"
                >
                  Prostate gland
                </div>
              </th>
              <th
                onClick={[Function]}
              >
                <div
                  className="header"
                >
                  Salivary gland
                </div>
              </th>
              <th
                onClick={[Function]}
              >
                <div
                  className="header"
                >
                  Sciatic nerve
                </div>
              </th>
              <th
                onClick={[Function]}
              >
                <div
                  className="header"
                >
                  Seminal vesicle
                </div>
              </th>
              <th
                onClick={[Function]}
              >
                <div
                  className="header"
                >
                  Skeletal muscle
                </div>
              </th>
              <th
                onClick={[Function]}
              >
                <div
                  className="header"
                >
                  Skin
                </div>
              </th>
              <th
                onClick={[Function]}
              >
                <div
                  className="header"
                >
                  Small intestine
                </div>
              </th>
              <th
                onClick={[Function]}
              >
                <div
                  className="header"
                >
                  Spinal cord
                </div>
              </th>
              <th
                onClick={[Function]}
              >
                <div
                  className="header"
                >
                  Spleen
                </div>
              </th>
              <th
                onClick={[Function]}
              >
                <div
                  className="header"
                >
                  Sternum
                </div>
              </th>
              <th
                onClick={[Function]}
              >
                <div
                  className="header"
                >
                  Stomach
                </div>
              </th>
              <th
                onClick={[Function]}
              >
                <div
                  className="header"
                >
                  Subcutaneous adipose tissue
                </div>
              </th>
              <th
                onClick={[Function]}
              >
                <div
                  className="header"
                >
                  Testes
                </div>
              </th>
              <th
                onClick={[Function]}
              >
                <div
                  className="header"
                >
                  Testis
                </div>
              </th>
              <th
                onClick={[Function]}
              >
                <div
                  className="header"
                >
                  Thymus
                </div>
              </th>
              <th
                onClick={[Function]}
              >
                <div
                  className="header"
                >
                  Thyroid
                </div>
              </th>
              <th
                onClick={[Function]}
              >
                <div
                  className="header"
                >
                  Tibia
                </div>
              </th>
              <th
                onClick={[Function]}
              >
                <div
                  className="header"
                >
                  Tongue
                </div>
              </th>
              <th
                onClick={[Function]}
              >
                <div
                  className="header"
                >
                  Tooth
                </div>
              </th>
              <th
                onClick={[Function]}
              >
                <div
                  className="header"
                >
                  Trachea
                </div>
              </th>
              <th
                onClick={[Function]}
              >
                <div
                  className="header"
                >
                  Trigeminal V ganglion
                </div>
              </th>
              <th
                onClick={[Function]}
              >
                <div
                  className="header"
                >
                  Trigeminal V nerve
                </div>
              </th>
              <th
                onClick={[Function]}
              >
                <div
                  className="header"
                >
                  Urinary bladder
                </div>
              </th>
              <th
                onClick={[Function]}
              >
                <div
                  className="header"
                >
                  Uterus
                </div>
              </th>
              <th
                onClick={[Function]}
              >
                <div
                  className="header"
                >
                  White adipose tissue
                </div>
              </th>
            </tr>
          </tfoot>
          <tbody>
            <tr>
              <td
                colSpan={100}
                style={
                  {
                    "fontSize": 20,
                    "fontWeight": "bold",
                  }
                }
              >
                No results
              </td>
            </tr>
          </tbody>
        </table>
      </div>
      <div
        className="mt-5"
      >
        <nav
          aria-label="Page navigation example"
          style={
            {
              "display": "flex",
              "justifyContent": "space-between",
            }
          }
        >
          <span>
            Showing 
            1
             to 
            25
             of 
            1,300
             entries
          </span>
          <ul
            className="pagination justify-content-center"
          >
            <li
              className="page-item disabled"
            >
              <button
                aria-label="Previous"
                className="page-link"
                onClick={[Function]}
              >
                <span
                  aria-hidden="true"
                >
                  «
                </span>
              </button>
            </li>
            <li
              className="page-item active"
            >
              <button
                className="page-link"
                onClick={[Function]}
              >
                1
              </button>
            </li>
            <li
              className="page-item "
            >
              <button
                className="page-link"
                onClick={[Function]}
              >
                2
              </button>
            </li>
            <li
              className="page-item "
            >
              <button
                className="page-link"
                onClick={[Function]}
              >
                3
              </button>
            </li>
            <li
              className="page-item disabled"
            >
              <span
                className="page-link"
              >
                ...
              </span>
            </li>
            <li
              className="page-item "
            >
              <button
                aria-label="Previous"
                className="page-link"
                onClick={[Function]}
              >
                <span
                  aria-hidden="true"
                >
                  52
                </span>
              </button>
            </li>
            <li
              className="page-item "
            >
              <button
                aria-label="Next"
                className="page-link"
                onClick={[Function]}
              >
                <span
                  aria-hidden="true"
                >
                  »
                </span>
              </button>
            </li>
          </ul>
        </nav>
      </div>
    </div>
  </div>,
]
`;
