// Jest Snapshot v1, https://goo.gl/fbAQLP

exports[`Newsletter component renders correctly 1`] = `
<div>
  <div
    class="news-letter pt-5 pb-5 bg-orange"
  >
    <div
      class="container"
    >
      <div
        class="row"
      >
        <div
          class="col-12 col-md-8 offset-md-2 text-center"
        >
          <h2>
            The IMPC Newsletter
          </h2>
          <p
            class="mt-4"
          >
            Get highlights of the most important data releases, news and events, delivered straight to your email inbox
          </p>
          <a
            class="btn btn-mailing btn-primary-dark text-white"
            href="https://forms.office.com/Pages/ResponsePage.aspx?id=jYTJ3EdDnkKo2NytnQUzMV3vNFn2DMZLqTjqljGsCfNUMDg0Q09OQThJUkVaVUpONVpSTVVSVEZERy4u"
            target="_blank"
          >
            Subscribe to newsletter
          </a>
        </div>
      </div>
    </div>
  </div>
</div>
`;
